// Jest Snapshot v1, https://goo.gl/fbAQLP

exports[`it should render component with backgroundColor 1`] = `
<View
  mt={10}
  style={
    Array [
      Object {
        "marginTop": 10,
      },
      Object {},
    ]
  }
/>
`;
